[0m XXXXXXXX [0m[1mXXXXXXXX[0m[0m
[0m [0m[47;37mXXXXXXXX[0m [0m[47;37;1mXXXXXXXX[0m[0m
[0m [0m[41;31mXXXXXXXX[0m [0m[41;31;1mXXXXXXXX[0m[0m
[0m [0m[42;32mXXXXXXXX[0m [0m[42;32;1mXXXXXXXX[0m[0m
[0m [0m[43;33mXXXXXXXX[0m [0m[43;33;1mXXXXXXXX[0m[0m
[0m [0m[44;34mXXXXXXXX[0m [0m[44;34;1mXXXXXXXX[0m[0m
[0m [0m[45;35mXXXXXXXX[0m [0m[45;35;1mXXXXXXXX[0m[0m
[0m [0m[46;36mXXXXXXXX[0m [0m[46;36;1mXXXXXXXX[0m[0m
[0m [0m[40;30mXXXXXXXX[0m [0m[40;30;1mXXXXXXXX[0m[0m
